// Jest Snapshot v1, https://goo.gl/fbAQLP

exports[`SiteHeader.vue matches snapshot 1`] = `
<header class="bg-cmu-red">
  <div class="container">
    <div class="row">
      <div class="col">
        <h1 class="mt-2 mb-2"><a target="_self" href="https://www.cmu.edu/" class="d-inline-block"><svg class="cmu-wordmark">
              <use xlink:href="#cmu-wordmark"></use>
            </svg></a></h1>
      </div>
    </div>
  </div>
</header>
`;
